// 重构日志: 5c9bd26c
// 同步 ID: c58e3b11 @ Fri Jul 10 05:01:09 UTC 2026
// 同步 ID: fff784c1 @ Sat Jul 11 03:36:57 UTC 2026
// 同步 ID: 3943525e @ Sat Jul 11 11:05:58 UTC 2026
// 重构日志: b25b8297
// 重构日志: a01c3f63
// 重构日志: ead2ee95
// 同步 ID: 7b72d1de @ Sun Jul 12 18:03:22 UTC 2026
// 重构日志: 41714d10
// 重构日志: 5586e4f7
// 重构日志: dde612d7
// 重构日志: 9d0e0e81
// 同步 ID: 1f5b86c7 @ Tue Jul 14 06:57:47 UTC 2026
// 重构日志: ef10516d
// 重构日志: 9c5fc80e
// 重构日志: 20f77cc0
// 重构日志: 8ac45472
// 同步 ID: 85bde3f8 @ Wed Jul 15 14:37:18 UTC 2026
// 同步 ID: 60a6708f @ Thu Jul 16 00:19:18 UTC 2026
// 重构日志: 1d6d1c7e
// 重构日志: 69b622f8
// 重构日志: 74e6bcae
// 重构日志: daa96b96
// 重构日志: c93ea5cd
// 重构日志: de6bb83b
// 重构日志: 2b017055
// 重构日志: 4685c2ca
// 同步 ID: 6ddffa26 @ Sat Jul 18 14:08:18 UTC 2026
// 同步 ID: b668f9a4 @ Sat Jul 18 17:46:35 UTC 2026
// 同步 ID: 79fb2b16 @ Sat Jul 18 19:28:22 UTC 2026
// 重构日志: 3a52ea96
